<a href="#!index" data-spm-click="gostr=/*.*.*;locaid=*"></a>
<a href="http://www.test.com/index.html"></a>