<a href="http://www.test.com/get.json" data-spm-click="gostr=/*.*.*;locaid=*"></a>
<a href="http://www.test.com/get.html"></a>