<div mx-click="add" data-spm-click="gostr=/*.*.*;locaid=*"></div>