<a href="http://api.test.com" data-spm-click="gostr=/*.*.*;locaid=*"></a>
<a href="http://open.test.com"></a>