<div class="block" data-spm-click="gostr=/*.*.*;locaid=*"></div>