<div goldclick="true" data-spm-click="gostr=/*.*.*;locaid=*"></div>