<div id="block" data-spm-click="gostr=/*.*.*;locaid=*"></div>