<div data-spm-click="gostr=/1.2.3;locaid=*"></div>